---
source: src/oscillators/blit.rs
expression: "&saw"
---
Sawtooth {
    blit: Blit {
        p: 0.0,
        dp: 1.0,
        pmax: 409.6,
        x: 0.0,
    },
    integrator_state: 0.0,
    dc: -0.0012158203124999999,
}
