---
source: crates/valib-preset-manager/tests/banks.rs
expression: "&data"
---
Default.preset
Extra Metadata.preset
