---
source: crates/valib-preset-manager/tests/preset_manager.rs
expression: "&vec"
---
[
    "Factory",
]
