---
source: crates/valib-oversample/src/lib.rs
expression: output.get_channel(0)
---
-0.0
-0.002
-0.064
-0.44
-1.091
-1.132
-0.859
-1.083
-0.977
-0.98
-1.044
-0.947
-1.053
-0.952
-1.04
-0.97
-1.021
-0.987
-1.005
-1.001
-0.994
-1.011
-0.986
-1.016
-0.982
-1.019
-0.98
-1.02
-0.98
-1.019
-0.981
-1.018
-0.983
-1.016
-0.985
-1.014
-0.987
-1.012
-0.989
-1.01
-0.991
-1.008
-0.993
-1.006
-0.994
-1.005
-0.996
-1.003
-0.997
-1.002
-0.998
-1.0
-0.934
-0.397
0.896
1.405
0.754
1.051
1.073
0.873
1.136
0.881
1.091
0.94
