---
source: src/saturators/adaa.rs
expression: "&output as &[_]"
---
0.0
0.75
1.566
1.771
1.566
0.75
-0.75
-1.566
-1.771
-1.566
-0.75
0.75
1.566
1.771
1.566
0.75
-0.75
-1.566
-1.771
-1.566
-0.75
0.75
1.566
1.771
1.566
0.75
-0.75
-1.566
-1.771
-1.566
-0.75
0.75
1.566
1.771
1.566
0.75
-0.75
-1.566
-1.771
-1.566
-0.75
0.75
1.566
1.771
1.566
0.75
-0.75
-1.566
-1.771
-1.566
-0.75
0.75
1.566
1.771
1.566
0.75
-0.75
-1.566
-1.771
-1.566
-0.75
0.75
1.566
1.771
1.566
0.75
-0.75
-1.566
-1.771
-1.566
-0.75
0.75
1.566
1.771
1.566
0.75
-0.75
-1.566
-1.771
-1.566
-0.75
0.75
1.566
1.771
1.566
0.75
-0.75
-1.566
-1.771
-1.566
-0.75
0.75
1.566
1.771
1.566
0.75
-0.75
-1.566
-1.771
-1.566
