---
source: src/saturators/bjt.rs
expression: "&output as &[_]"
---
-5.27
-5.27
-5.27
-5.27
-5.27
-5.27
-5.27
-5.27
-5.27
-5.27
-5.27
-5.27
-5.27
-5.27
-5.27
-5.27
-5.27
-5.27
-5.2699
-5.2698
-5.2691
-5.2664
-5.256
-5.2208
-5.1308
-4.9793
-4.7946
-4.5986
-4.3997
-4.1999
-4.0
-3.8
-3.6
-3.4
-3.2
-3.0
-2.8
-2.6
-2.4
-2.2
-2.0
-1.8
-1.6
-1.4
-1.2
-1.0
-0.8
-0.6
-0.4
-0.2
0.0
0.2
0.4
0.6
0.8
1.0
1.2
1.4
1.6
1.8
2.0
2.2
2.4
2.5999
2.7998
2.9991
3.1964
3.386
3.5508
3.6608
3.7093
3.7246
3.7286
3.7297
3.7299
3.73
3.73
3.73
3.73
3.73
3.73
3.73
3.73
3.73
3.73
3.73
3.73
3.73
3.73
3.73
3.73
3.73
3.73
3.73
3.73
3.73
3.73
3.73
3.73
3.73
