---
source: src/oversample/mod.rs
expression: "&output as &[_]"
---
-0.0
-0.0
-0.0
-0.0
-0.001
-0.015
-0.133
-0.52
-1.014
-1.135
-0.996
-0.976
-1.006
-1.002
-0.999
-1.0
-1.0
-0.997
-0.943
-0.599
0.306
1.18
1.209
0.951
0.971
1.014
1.0
0.999
1.0
0.999
0.984
0.832
0.208
-0.821
-1.296
-1.054
-0.936
-1.004
-1.007
-0.997
-1.0
-1.0
-0.997
-0.943
-0.599
0.306
1.18
1.209
0.951
0.971
1.014
1.0
0.999
1.0
0.999
0.984
0.832
0.208
-0.821
-1.296
-1.054
-0.936
-1.004
-1.007
