---
source: crates/valib-saturators/src/adaa.rs
expression: "&output as &[_]"
---
0.0
0.882
0.772
1.0
1.0
-1.033
0.137
1.292
-1.0
-1.0
1.918
0.817
0.772
1.0
1.0
-1.033
0.137
1.292
-1.0
-1.0
1.918
0.817
0.772
1.0
1.0
-1.033
0.137
1.292
-1.0
-1.0
1.918
0.817
0.772
1.0
1.0
-1.033
0.137
1.292
-1.0
-1.0
1.918
0.817
0.772
1.0
1.0
-1.033
0.137
1.292
-1.0
-1.0
1.918
0.817
0.772
1.0
1.0
-1.033
0.137
1.292
-1.0
-1.0
1.918
0.817
0.772
1.0
1.0
-1.033
0.137
1.292
-1.0
-1.0
1.918
0.817
0.772
1.0
1.0
-1.033
0.137
1.292
-1.0
-1.0
1.918
0.817
0.772
1.0
1.0
-1.033
0.137
1.292
-1.0
-1.0
1.918
0.817
0.772
1.0
1.0
-1.033
0.137
1.292
-1.0
-1.0
