---
source: src/saturators/adaa.rs
expression: "&output as &[_]"
---
0.0
0.623
0.976
0.993
0.976
0.623
-0.623
-0.976
-0.993
-0.976
-0.623
0.623
0.976
0.993
0.976
0.623
-0.623
-0.976
-0.993
-0.976
-0.623
0.623
0.976
0.993
0.976
0.623
-0.623
-0.976
-0.993
-0.976
-0.623
0.623
0.976
0.993
0.976
0.623
-0.623
-0.976
-0.993
-0.976
-0.623
0.623
0.976
0.993
0.976
0.623
-0.623
-0.976
-0.993
-0.976
-0.623
0.623
0.976
0.993
0.976
0.623
-0.623
-0.976
-0.993
-0.976
-0.623
0.623
0.976
0.993
0.976
0.623
-0.623
-0.976
-0.993
-0.976
-0.623
0.623
0.976
0.993
0.976
0.623
-0.623
-0.976
-0.993
-0.976
-0.623
0.623
0.976
0.993
0.976
0.623
-0.623
-0.976
-0.993
-0.976
-0.623
0.623
0.976
0.993
0.976
0.623
-0.623
-0.976
-0.993
-0.976
