---
source: crates/valib-saturators/src/adaa.rs
expression: "&output as &[_]"
---
0.0
0.795
0.768
1.771
1.574
-0.41
0.203
0.537
-1.771
-1.574
0.012
-0.1
0.768
1.771
1.574
-0.41
0.203
0.537
-1.771
-1.574
0.012
-0.1
0.768
1.771
1.574
-0.41
0.203
0.537
-1.771
-1.574
0.012
-0.1
0.768
1.771
1.574
-0.41
0.203
0.537
-1.771
-1.574
0.012
-0.1
0.768
1.771
1.574
-0.41
0.203
0.537
-1.771
-1.574
0.012
-0.1
0.768
1.771
1.574
-0.41
0.203
0.537
-1.771
-1.574
0.012
-0.1
0.768
1.771
1.574
-0.41
0.203
0.537
-1.771
-1.574
0.012
-0.1
0.768
1.771
1.574
-0.41
0.203
0.537
-1.771
-1.574
0.012
-0.1
0.768
1.771
1.574
-0.41
0.203
0.537
-1.771
-1.574
0.012
-0.1
0.768
1.771
1.574
-0.41
0.203
0.537
-1.771
-1.574
