---
source: src/saturators/adaa.rs
expression: "&output as &[_]"
---
0.0
0.716
1.0
1.0
1.0
0.716
-0.716
-1.0
-1.0
-1.0
-0.716
0.716
1.0
1.0
1.0
0.716
-0.716
-1.0
-1.0
-1.0
-0.716
0.716
1.0
1.0
1.0
0.716
-0.716
-1.0
-1.0
-1.0
-0.716
0.716
1.0
1.0
1.0
0.716
-0.716
-1.0
-1.0
-1.0
-0.716
0.716
1.0
1.0
1.0
0.716
-0.716
-1.0
-1.0
-1.0
-0.716
0.716
1.0
1.0
1.0
0.716
-0.716
-1.0
-1.0
-1.0
-0.716
0.716
1.0
1.0
1.0
0.716
-0.716
-1.0
-1.0
-1.0
-0.716
0.716
1.0
1.0
1.0
0.716
-0.716
-1.0
-1.0
-1.0
-0.716
0.716
1.0
1.0
1.0
0.716
-0.716
-1.0
-1.0
-1.0
-0.716
0.716
1.0
1.0
1.0
0.716
-0.716
-1.0
-1.0
-1.0
