---
source: crates/valib-core/src/math/interpolation.rs
expression: "&actual as &[_]"
---
1.0
0.707107
0.0
-0.707107
1.0
1.0
1.0
1.0
1.0
1.0
1.0
1.0
