---
source: src/math/interpolation.rs
expression: "&actual as &[_]"
---
0.0
0.203125
0.5
0.796875
1.0
1.070313
1.0625
1.023438
1.0
1.0
1.0
1.0
