---
source: crates/valib-core/src/math/interpolation.rs
expression: "&actual as &[_]"
---
0.0
0.0
0.0
0.0
1.0
1.0
1.0
1.0
1.0
1.0
1.0
1.0
