---
source: crates/valib-core/src/math/interpolation.rs
expression: "&actual as &[_]"
---
0.0
0.146447
0.5
0.853553
1.0
1.0
1.0
1.0
1.0
1.0
1.0
1.0
