---
source: src/fir.rs
expression: "&kernels::windowed_sinc(0.1, 0.1)"
---
-0.0
-0.00001
-0.00012
-0.00037
-0.00059
-0.0004
0.00065
0.00262
0.00482
0.00561
0.00301
-0.00413
-0.01465
-0.02424
-0.0261
-0.01329
0.01794
0.06531
0.11982
0.16794
0.19619
0.19619
0.16794
0.11982
0.06531
0.01794
-0.01329
-0.0261
-0.02424
-0.01465
-0.00413
0.00301
0.00561
0.00482
0.00262
0.00065
-0.0004
-0.00059
-0.00037
-0.00012
-0.00001
